// Jest Snapshot v1, https://goo.gl/fbAQLP

exports[`FoodMenuProject tests matches the snapshot 1`] = `
<FoodMenuProject>
  <main>
    <section
      className="food-menu food-section"
    >
      <div
        className="food-title"
      >
        <h2>
          Our Menu
        </h2>
        <div
          className="food-underline"
        />
      </div>
      <FoodCategories
        categoryList={
          Array [
            "all",
            "breakfast",
            "lunch",
            "shakes",
          ]
        }
        filterItems={[Function]}
      >
        <div
          className="food-btn-container"
        >
          <button
            className="food-filter-btn"
            key="all"
            onClick={[Function]}
          >
            all
          </button>
          <button
            className="food-filter-btn"
            key="breakfast"
            onClick={[Function]}
          >
            breakfast
          </button>
          <button
            className="food-filter-btn"
            key="lunch"
            onClick={[Function]}
          >
            lunch
          </button>
          <button
            className="food-filter-btn"
            key="shakes"
            onClick={[Function]}
          >
            shakes
          </button>
        </div>
      </FoodCategories>
      <FoodMenu
        items={
          Array [
            Object {
              "category": "breakfast",
              "desc": "I'm baby woke mlkshk wolf bitters live-edge blue bottle, hammock freegan copper mug whatever cold-pressed ",
              "id": 1,
              "img": "./images/item-1.jpeg",
              "price": 15.99,
              "title": "buttermilk pancakes",
            },
            Object {
              "category": "lunch",
              "desc": "vaporware iPhone mumblecore selvage raw denim slow-carb leggings gochujang helvetica man braid jianbing. Marfa thundercats ",
              "id": 2,
              "img": "./images/item-2.jpeg",
              "price": 13.99,
              "title": "diner double",
            },
            Object {
              "category": "shakes",
              "desc": "ombucha chillwave fanny pack 3 wolf moon street art photo booth before they sold out organic viral.",
              "id": 3,
              "img": "./images/item-3.jpeg",
              "price": 6.99,
              "title": "godzilla milkshake",
            },
            Object {
              "category": "breakfast",
              "desc": "Shabby chic keffiyeh neutra snackwave pork belly shoreditch. Prism austin mlkshk truffaut, ",
              "id": 4,
              "img": "./images/item-4.jpeg",
              "price": 20.99,
              "title": "country delight",
            },
            Object {
              "category": "lunch",
              "desc": "franzen vegan pabst bicycle rights kickstarter pinterest meditation farm-to-table 90's pop-up ",
              "id": 5,
              "img": "./images/item-5.jpeg",
              "price": 22.99,
              "title": "egg attack",
            },
            Object {
              "category": "shakes",
              "desc": "Portland chicharrones ethical edison bulb, palo santo craft beer chia heirloom iPhone everyday",
              "id": 6,
              "img": "./images/item-6.jpeg",
              "price": 18.99,
              "title": "oreo dream",
            },
            Object {
              "category": "breakfast",
              "desc": "carry jianbing normcore freegan. Viral single-origin coffee live-edge, pork belly cloud bread iceland put a bird ",
              "id": 7,
              "img": "./images/item-7.jpeg",
              "price": 8.99,
              "title": "bacon overflow",
            },
            Object {
              "category": "lunch",
              "desc": "on it tumblr kickstarter thundercats migas everyday carry squid palo santo leggings. Food truck truffaut  ",
              "id": 8,
              "img": "./images/item-8.jpeg",
              "price": 12.99,
              "title": "american classic",
            },
            Object {
              "category": "shakes",
              "desc": "skateboard fam synth authentic semiotics. Live-edge lyft af, edison bulb yuccie crucifix microdosing.",
              "id": 9,
              "img": "./images/item-9.jpeg",
              "price": 16.99,
              "title": "quarantine buddy",
            },
          ]
        }
      >
        <div
          className="food-section-center"
        >
          <article
            className="food-menu-item"
            key="1"
          >
            <img
              alt="buttermilk pancakes"
              className="food-photo"
              src="./images/item-1.jpeg"
            />
            <div
              className="food-item-info"
            >
              <header>
                <h4>
                  buttermilk pancakes
                </h4>
                <h4
                  className="food-price"
                >
                  $
                  15.99
                </h4>
              </header>
              <p
                className="food-item-text"
              >
                I'm baby woke mlkshk wolf bitters live-edge blue bottle, hammock freegan copper mug whatever cold-pressed 
              </p>
            </div>
          </article>
          <article
            className="food-menu-item"
            key="2"
          >
            <img
              alt="diner double"
              className="food-photo"
              src="./images/item-2.jpeg"
            />
            <div
              className="food-item-info"
            >
              <header>
                <h4>
                  diner double
                </h4>
                <h4
                  className="food-price"
                >
                  $
                  13.99
                </h4>
              </header>
              <p
                className="food-item-text"
              >
                vaporware iPhone mumblecore selvage raw denim slow-carb leggings gochujang helvetica man braid jianbing. Marfa thundercats 
              </p>
            </div>
          </article>
          <article
            className="food-menu-item"
            key="3"
          >
            <img
              alt="godzilla milkshake"
              className="food-photo"
              src="./images/item-3.jpeg"
            />
            <div
              className="food-item-info"
            >
              <header>
                <h4>
                  godzilla milkshake
                </h4>
                <h4
                  className="food-price"
                >
                  $
                  6.99
                </h4>
              </header>
              <p
                className="food-item-text"
              >
                ombucha chillwave fanny pack 3 wolf moon street art photo booth before they sold out organic viral.
              </p>
            </div>
          </article>
          <article
            className="food-menu-item"
            key="4"
          >
            <img
              alt="country delight"
              className="food-photo"
              src="./images/item-4.jpeg"
            />
            <div
              className="food-item-info"
            >
              <header>
                <h4>
                  country delight
                </h4>
                <h4
                  className="food-price"
                >
                  $
                  20.99
                </h4>
              </header>
              <p
                className="food-item-text"
              >
                Shabby chic keffiyeh neutra snackwave pork belly shoreditch. Prism austin mlkshk truffaut, 
              </p>
            </div>
          </article>
          <article
            className="food-menu-item"
            key="5"
          >
            <img
              alt="egg attack"
              className="food-photo"
              src="./images/item-5.jpeg"
            />
            <div
              className="food-item-info"
            >
              <header>
                <h4>
                  egg attack
                </h4>
                <h4
                  className="food-price"
                >
                  $
                  22.99
                </h4>
              </header>
              <p
                className="food-item-text"
              >
                franzen vegan pabst bicycle rights kickstarter pinterest meditation farm-to-table 90's pop-up 
              </p>
            </div>
          </article>
          <article
            className="food-menu-item"
            key="6"
          >
            <img
              alt="oreo dream"
              className="food-photo"
              src="./images/item-6.jpeg"
            />
            <div
              className="food-item-info"
            >
              <header>
                <h4>
                  oreo dream
                </h4>
                <h4
                  className="food-price"
                >
                  $
                  18.99
                </h4>
              </header>
              <p
                className="food-item-text"
              >
                Portland chicharrones ethical edison bulb, palo santo craft beer chia heirloom iPhone everyday
              </p>
            </div>
          </article>
          <article
            className="food-menu-item"
            key="7"
          >
            <img
              alt="bacon overflow"
              className="food-photo"
              src="./images/item-7.jpeg"
            />
            <div
              className="food-item-info"
            >
              <header>
                <h4>
                  bacon overflow
                </h4>
                <h4
                  className="food-price"
                >
                  $
                  8.99
                </h4>
              </header>
              <p
                className="food-item-text"
              >
                carry jianbing normcore freegan. Viral single-origin coffee live-edge, pork belly cloud bread iceland put a bird 
              </p>
            </div>
          </article>
          <article
            className="food-menu-item"
            key="8"
          >
            <img
              alt="american classic"
              className="food-photo"
              src="./images/item-8.jpeg"
            />
            <div
              className="food-item-info"
            >
              <header>
                <h4>
                  american classic
                </h4>
                <h4
                  className="food-price"
                >
                  $
                  12.99
                </h4>
              </header>
              <p
                className="food-item-text"
              >
                on it tumblr kickstarter thundercats migas everyday carry squid palo santo leggings. Food truck truffaut  
              </p>
            </div>
          </article>
          <article
            className="food-menu-item"
            key="9"
          >
            <img
              alt="quarantine buddy"
              className="food-photo"
              src="./images/item-9.jpeg"
            />
            <div
              className="food-item-info"
            >
              <header>
                <h4>
                  quarantine buddy
                </h4>
                <h4
                  className="food-price"
                >
                  $
                  16.99
                </h4>
              </header>
              <p
                className="food-item-text"
              >
                skateboard fam synth authentic semiotics. Live-edge lyft af, edison bulb yuccie crucifix microdosing.
              </p>
            </div>
          </article>
        </div>
      </FoodMenu>
    </section>
  </main>
</FoodMenuProject>
`;
