// Jest Snapshot v1, https://goo.gl/fbAQLP

exports[`ToDoList tests ToDoList matches the snapshot 1`] = `
<div
  className="todo-background"
>
  <h2
    className="todo-header"
  >
    ToDo List:
  </h2>
  <ul>
    <ToDo
      key="study"
      onDelete={[Function]}
      onEdit={[Function]}
      task="study"
    />
    <ToDo
      key="work"
      onDelete={[Function]}
      onEdit={[Function]}
      task="work"
    />
    <ToDo
      key="clean"
      onDelete={[Function]}
      onEdit={[Function]}
      task="clean"
    />
    <ToDo
      key="dust"
      onDelete={[Function]}
      onEdit={[Function]}
      task="dust"
    />
    <ToDo
      key="feed the pets"
      onDelete={[Function]}
      onEdit={[Function]}
      task="feed the pets"
    />
    <ToDo
      key="eat"
      onDelete={[Function]}
      onEdit={[Function]}
      task="eat"
    />
  </ul>
  <div
    className="todo-textEntry"
  >
    <input
      className="todo-entry"
      onChange={[Function]}
      type="text"
      value=""
    />
    <input
      onClick={[Function]}
      type="submit"
      value="Add New Task"
    />
  </div>
</div>
`;
